<?xml version="1.0" encoding="UTF-8"?>
<testsuites name="jest tests" tests="6" failures="1" errors="0" time="1.033">
  <testsuite name="React Password Strength Checker" errors="0" failures="1" skipped="0" timestamp="2024-05-21T23:57:16" time="0.629" tests="6">
    <testcase classname="React Password Strength Checker Input field should be empty initially" name="React Password Strength Checker Input field should be empty initially" time="0.018">
    </testcase>
    <testcase classname="React Password Strength Checker Password checker should initally have value of Weak Password" name="React Password Strength Checker Password checker should initally have value of Weak Password" time="0.014">
    </testcase>
    <testcase classname="React Password Strength Checker Input field should be working properly" name="React Password Strength Checker Input field should be working properly" time="0.033">
    </testcase>
    <testcase classname="React Password Strength Checker Show Password button should have current functionality" name="React Password Strength Checker Show Password button should have current functionality" time="0.005">
    </testcase>
    <testcase classname="React Password Strength Checker Clear Password button should have current functionality" name="React Password Strength Checker Clear Password button should have current functionality" time="0.003">
    </testcase>
    <testcase classname="React Password Strength Checker Password Checker should have correct funtionality" name="React Password Strength Checker Password Checker should have correct funtionality" time="0.006">
      <failure>Error: expect(element).toHaveTextContent()

Expected element to have text content:
  Strong Password
Received:
  Weak Password
    at Object.&lt;anonymous&gt; (/Users/herton/www/hackerrank/81d442b6-74b2-47e9-ab95-15bc1f62014e/src/App.test.js:80:47)
    at Promise.then.completed (/Users/herton/www/hackerrank/81d442b6-74b2-47e9-ab95-15bc1f62014e/node_modules/jest-circus/build/utils.js:391:28)
    at new Promise (&lt;anonymous&gt;)
    at callAsyncCircusFn (/Users/herton/www/hackerrank/81d442b6-74b2-47e9-ab95-15bc1f62014e/node_modules/jest-circus/build/utils.js:316:10)
    at _callCircusTest (/Users/herton/www/hackerrank/81d442b6-74b2-47e9-ab95-15bc1f62014e/node_modules/jest-circus/build/run.js:218:40)
    at processTicksAndRejections (node:internal/process/task_queues:95:5)
    at _runTest (/Users/herton/www/hackerrank/81d442b6-74b2-47e9-ab95-15bc1f62014e/node_modules/jest-circus/build/run.js:155:3)
    at _runTestsForDescribeBlock (/Users/herton/www/hackerrank/81d442b6-74b2-47e9-ab95-15bc1f62014e/node_modules/jest-circus/build/run.js:66:9)
    at _runTestsForDescribeBlock (/Users/herton/www/hackerrank/81d442b6-74b2-47e9-ab95-15bc1f62014e/node_modules/jest-circus/build/run.js:60:9)
    at run (/Users/herton/www/hackerrank/81d442b6-74b2-47e9-ab95-15bc1f62014e/node_modules/jest-circus/build/run.js:25:3)
    at runAndTransformResultsToJestFormat (/Users/herton/www/hackerrank/81d442b6-74b2-47e9-ab95-15bc1f62014e/node_modules/jest-circus/build/legacy-code-todo-rewrite/jestAdapterInit.js:170:21)
    at jestAdapter (/Users/herton/www/hackerrank/81d442b6-74b2-47e9-ab95-15bc1f62014e/node_modules/jest-circus/build/legacy-code-todo-rewrite/jestAdapter.js:82:19)
    at runTestInternal (/Users/herton/www/hackerrank/81d442b6-74b2-47e9-ab95-15bc1f62014e/node_modules/jest-runner/build/runTest.js:389:16)
    at runTest (/Users/herton/www/hackerrank/81d442b6-74b2-47e9-ab95-15bc1f62014e/node_modules/jest-runner/build/runTest.js:475:34)
    at TestRunner.runTests (/Users/herton/www/hackerrank/81d442b6-74b2-47e9-ab95-15bc1f62014e/node_modules/jest-runner/build/index.js:101:12)
    at TestScheduler.scheduleTests (/Users/herton/www/hackerrank/81d442b6-74b2-47e9-ab95-15bc1f62014e/node_modules/@jest/core/build/TestScheduler.js:333:13)
    at runJest (/Users/herton/www/hackerrank/81d442b6-74b2-47e9-ab95-15bc1f62014e/node_modules/@jest/core/build/runJest.js:404:19)
    at _run10000 (/Users/herton/www/hackerrank/81d442b6-74b2-47e9-ab95-15bc1f62014e/node_modules/@jest/core/build/cli/index.js:320:7)
    at runCLI (/Users/herton/www/hackerrank/81d442b6-74b2-47e9-ab95-15bc1f62014e/node_modules/@jest/core/build/cli/index.js:173:3)
    at Object.run (/Users/herton/www/hackerrank/81d442b6-74b2-47e9-ab95-15bc1f62014e/node_modules/jest-cli/build/cli/index.js:155:37)</failure>
    </testcase>
  </testsuite>
</testsuites>